09:30:22 **** Incremental Build of configuration Debug for project LABO 2 ****
make -j16 all 
arm-none-eabi-gcc "../Core/Src/main.c" -mcpu=cortex-m4 -std=gnu11 -g3 -DDEBUG -DUSE_HAL_DRIVER -DSTM32L432xx -c -I../Core/Inc -I../Drivers/STM32L4xx_HAL_Driver/Inc -I../Drivers/STM32L4xx_HAL_Driver/Inc/Legacy -I../Drivers/CMSIS/Device/ST/STM32L4xx/Include -I../Drivers/CMSIS/Include -O0 -ffunction-sections -fdata-sections -Wall -fstack-usage -MMD -MP -MF"Core/Src/main.d" -MT"Core/Src/main.o" --specs=nano.specs -mfpu=fpv4-sp-d16 -mfloat-abi=hard -mthumb -o "Core/Src/main.o"
arm-none-eabi-gcc -o "LABO 2.elf" @"objects.list"   -mcpu=cortex-m4 -T"C:\Users\Usuario\STM32CubeIDE\workspace_1.10.1\LABO 2\STM32L432KCUX_FLASH.ld" --specs=nosys.specs -Wl,-Map="LABO 2.map" -Wl,--gc-sections -static --specs=nano.specs -mfpu=fpv4-sp-d16 -mfloat-abi=hard -mthumb -Wl,--start-group -lc -lm -Wl,--end-group
Finished building target: LABO 2.elf
 
arm-none-eabi-size   LABO\ 2.elf 
arm-none-eabi-objdump -h -S  LABO\ 2.elf  > "LABO 2.list"
   text	   data	    bss	    dec	    hex	filename
   8420	     20	   1572	  10012	   271c	LABO 2.elf
Finished building: default.size.stdout
 
Finished building: LABO 2.list
 

09:30:22 Build Finished. 0 errors, 0 warnings. (took 468ms)

