09:48:18 **** Incremental Build of configuration Debug for project Labo1 ****
make -j16 all 
arm-none-eabi-gcc "../Core/Src/main.c" -mcpu=cortex-m4 -std=gnu11 -g3 -DDEBUG -DUSE_HAL_DRIVER -DSTM32L432xx -c -I../Core/Inc -I../Drivers/STM32L4xx_HAL_Driver/Inc -I../Drivers/STM32L4xx_HAL_Driver/Inc/Legacy -I../Drivers/CMSIS/Device/ST/STM32L4xx/Include -I../Drivers/CMSIS/Include -O0 -ffunction-sections -fdata-sections -Wall -fstack-usage -MMD -MP -MF"Core/Src/main.d" -MT"Core/Src/main.o" --specs=nano.specs -mfpu=fpv4-sp-d16 -mfloat-abi=hard -mthumb -o "Core/Src/main.o"
arm-none-eabi-gcc -o "Labo1.elf" @"objects.list"   -mcpu=cortex-m4 -T"C:\Users\Usuario\STM32CubeIDE\workspace_1.10.1\Labo1\STM32L432KCUX_FLASH.ld" --specs=nosys.specs -Wl,-Map="Labo1.map" -Wl,--gc-sections -static --specs=nano.specs -mfpu=fpv4-sp-d16 -mfloat-abi=hard -mthumb -Wl,--start-group -lc -lm -Wl,--end-group
Finished building target: Labo1.elf
 
arm-none-eabi-size   Labo1.elf 
arm-none-eabi-objdump -h -S  Labo1.elf  > "Labo1.list"
   text	   data	    bss	    dec	    hex	filename
   6052	     20	   1572	   7644	   1ddc	Labo1.elf
Finished building: default.size.stdout
 
Finished building: Labo1.list
 

09:48:19 Build Finished. 0 errors, 0 warnings. (took 879ms)

