18:48:49 **** Incremental Build of configuration Debug for project Labo4.1 ****
make -j16 all 
arm-none-eabi-gcc "../Core/Src/main.c" -mcpu=cortex-m4 -std=gnu11 -g3 -DDEBUG -DUSE_HAL_DRIVER -DSTM32L432xx -c -I../Core/Inc -I../Drivers/STM32L4xx_HAL_Driver/Inc -I../Drivers/STM32L4xx_HAL_Driver/Inc/Legacy -I../Drivers/CMSIS/Device/ST/STM32L4xx/Include -I../Drivers/CMSIS/Include -O0 -ffunction-sections -fdata-sections -Wall -fstack-usage -MMD -MP -MF"Core/Src/main.d" -MT"Core/Src/main.o" --specs=nano.specs -mfpu=fpv4-sp-d16 -mfloat-abi=hard -mthumb -o "Core/Src/main.o"
arm-none-eabi-gcc -o "Labo4.1.elf" @"objects.list"   -mcpu=cortex-m4 -T"C:\Users\Usuario\STM32CubeIDE\workspace_1.10.1\Labo4.1\STM32L432KCUX_FLASH.ld" --specs=nosys.specs -Wl,-Map="Labo4.1.map" -Wl,--gc-sections -static --specs=nano.specs -mfpu=fpv4-sp-d16 -mfloat-abi=hard -mthumb -Wl,--start-group -lc -lm -Wl,--end-group
Finished building target: Labo4.1.elf
 
arm-none-eabi-size   Labo4.1.elf 
arm-none-eabi-objdump -h -S  Labo4.1.elf  > "Labo4.1.list"
   text	   data	    bss	    dec	    hex	filename
  16424	     20	   1748	  18192	   4710	Labo4.1.elf
Finished building: default.size.stdout
 
Finished building: Labo4.1.list
 

18:48:51 Build Finished. 0 errors, 0 warnings. (took 1s.505ms)

