Archive member included to satisfy reference by file (symbol)

c:/users/usuario/downloads/embebidos/stm32cubeide_1.10.1/stm32cubeide/plugins/com.st.stm32cube.ide.mcu.externaltools.gnu-tools-for-stm32.10.3-2021.10.win32_1.0.0.202111181127/tools/bin/../lib/gcc/arm-none-eabi/10.3.1/../../../../arm-none-eabi/lib/thumb/v7e-m+fp/hard\libc_nano.a(lib_a-errno.o)
                              ./Core/Src/syscalls.o (__errno)
c:/users/usuario/downloads/embebidos/stm32cubeide_1.10.1/stm32cubeide/plugins/com.st.stm32cube.ide.mcu.externaltools.gnu-tools-for-stm32.10.3-2021.10.win32_1.0.0.202111181127/tools/bin/../lib/gcc/arm-none-eabi/10.3.1/../../../../arm-none-eabi/lib/thumb/v7e-m+fp/hard\libc_nano.a(lib_a-exit.o)
                              c:/users/usuario/downloads/embebidos/stm32cubeide_1.10.1/stm32cubeide/plugins/com.st.stm32cube.ide.mcu.externaltools.gnu-tools-for-stm32.10.3-2021.10.win32_1.0.0.202111181127/tools/bin/../lib/gcc/arm-none-eabi/10.3.1/../../../../arm-none-eabi/lib/thumb/v7e-m+fp/hard/crt0.o (exit)
c:/users/usuario/downloads/embebidos/stm32cubeide_1.10.1/stm32cubeide/plugins/com.st.stm32cube.ide.mcu.externaltools.gnu-tools-for-stm32.10.3-2021.10.win32_1.0.0.202111181127/tools/bin/../lib/gcc/arm-none-eabi/10.3.1/../../../../arm-none-eabi/lib/thumb/v7e-m+fp/hard\libc_nano.a(lib_a-impure.o)
                              c:/users/usuario/downloads/embebidos/stm32cubeide_1.10.1/stm32cubeide/plugins/com.st.stm32cube.ide.mcu.externaltools.gnu-tools-for-stm32.10.3-2021.10.win32_1.0.0.202111181127/tools/bin/../lib/gcc/arm-none-eabi/10.3.1/../../../../arm-none-eabi/lib/thumb/v7e-m+fp/hard\libc_nano.a(lib_a-exit.o) (_global_impure_ptr)
c:/users/usuario/downloads/embebidos/stm32cubeide_1.10.1/stm32cubeide/plugins/com.st.stm32cube.ide.mcu.externaltools.gnu-tools-for-stm32.10.3-2021.10.win32_1.0.0.202111181127/tools/bin/../lib/gcc/arm-none-eabi/10.3.1/../../../../arm-none-eabi/lib/thumb/v7e-m+fp/hard\libc_nano.a(lib_a-init.o)
                              c:/users/usuario/downloads/embebidos/stm32cubeide_1.10.1/stm32cubeide/plugins/com.st.stm32cube.ide.mcu.externaltools.gnu-tools-for-stm32.10.3-2021.10.win32_1.0.0.202111181127/tools/bin/../lib/gcc/arm-none-eabi/10.3.1/../../../../arm-none-eabi/lib/thumb/v7e-m+fp/hard/crt0.o (__libc_init_array)
c:/users/usuario/downloads/embebidos/stm32cubeide_1.10.1/stm32cubeide/plugins/com.st.stm32cube.ide.mcu.externaltools.gnu-tools-for-stm32.10.3-2021.10.win32_1.0.0.202111181127/tools/bin/../lib/gcc/arm-none-eabi/10.3.1/../../../../arm-none-eabi/lib/thumb/v7e-m+fp/hard\libc_nano.a(lib_a-memset.o)
                              c:/users/usuario/downloads/embebidos/stm32cubeide_1.10.1/stm32cubeide/plugins/com.st.stm32cube.ide.mcu.externaltools.gnu-tools-for-stm32.10.3-2021.10.win32_1.0.0.202111181127/tools/bin/../lib/gcc/arm-none-eabi/10.3.1/../../../../arm-none-eabi/lib/thumb/v7e-m+fp/hard/crt0.o (memset)
c:/users/usuario/downloads/embebidos/stm32cubeide_1.10.1/stm32cubeide/plugins/com.st.stm32cube.ide.mcu.externaltools.gnu-tools-for-stm32.10.3-2021.10.win32_1.0.0.202111181127/tools/bin/../lib/gcc/arm-none-eabi/10.3.1/thumb/v7e-m+fp/hard\libgcc.a(_arm_muldf3.o)
                              ./Core/Src/main.o (__aeabi_dmul)
c:/users/usuario/downloads/embebidos/stm32cubeide_1.10.1/stm32cubeide/plugins/com.st.stm32cube.ide.mcu.externaltools.gnu-tools-for-stm32.10.3-2021.10.win32_1.0.0.202111181127/tools/bin/../lib/gcc/arm-none-eabi/10.3.1/thumb/v7e-m+fp/hard\libgcc.a(_arm_addsubdf3.o)
                              ./Core/Src/main.o (__aeabi_i2d)
c:/users/usuario/downloads/embebidos/stm32cubeide_1.10.1/stm32cubeide/plugins/com.st.stm32cube.ide.mcu.externaltools.gnu-tools-for-stm32.10.3-2021.10.win32_1.0.0.202111181127/tools/bin/../lib/gcc/arm-none-eabi/10.3.1/thumb/v7e-m+fp/hard\libgcc.a(_arm_muldivdf3.o)
                              ./Core/Src/main.o (__aeabi_ddiv)
c:/users/usuario/downloads/embebidos/stm32cubeide_1.10.1/stm32cubeide/plugins/com.st.stm32cube.ide.mcu.externaltools.gnu-tools-for-stm32.10.3-2021.10.win32_1.0.0.202111181127/tools/bin/../lib/gcc/arm-none-eabi/10.3.1/thumb/v7e-m+fp/hard\libgcc.a(_arm_fixdfsi.o)
                              ./Core/Src/main.o (__aeabi_d2iz)

Discarded input sections

 .text          0x0000000000000000        0x0 c:/users/usuario/downloads/embebidos/stm32cubeide_1.10.1/stm32cubeide/plugins/com.st.stm32cube.ide.mcu.externaltools.gnu-tools-for-stm32.10.3-2021.10.win32_1.0.0.202111181127/tools/bin/../lib/gcc/arm-none-eabi/10.3.1/thumb/v7e-m+fp/hard/crti.o
 .data          0x0000000000000000        0x0 c:/users/usuario/downloads/embebidos/stm32cubeide_1.10.1/stm32cubeide/plugins/com.st.stm32cube.ide.mcu.externaltools.gnu-tools-for-stm32.10.3-2021.10.win32_1.0.0.202111181127/tools/bin/../lib/gcc/arm-none-eabi/10.3.1/thumb/v7e-m+fp/hard/crti.o
[...]
Memory Configuration

Name             Origin             Length             Attributes
RAM              0x0000000020000000 0x0000000000010000 xrw
RAM2             0x0000000010000000 0x0000000000004000 xrw
FLASH            0x0000000008000000 0x0000000000040000 xr
*default*        0x0000000000000000 0xffffffffffffffff

Linker script and memory map

LOAD c:/users/usuario/downloads/embebidos/stm32cubeide_1.10.1/stm32cubeide/plugins/com.st.stm32cube.ide.mcu.externaltools.gnu-tools-for-stm32.10.3-2021.10.win32_1.0.0.202111181127/tools/bin/../lib/gcc/arm-none-eabi/10.3.1/thumb/v7e-m+fp/hard/crti.o
LOAD c:/users/usuario/downloads/embebidos/stm32cubeide_1.10.1/stm32cubeide/plugins/com.st.stm32cube.ide.mcu.externaltools.gnu-tools-for-stm32.10.3-2021.10.win32_1.0.0.202111181127/tools/bin/../lib/gcc/arm-none-eabi/10.3.1/thumb/v7e-m+fp/hard/crtbegin.o
LOAD c:/users/usuario/downloads/embebidos/stm32cubeide_1.10.1/stm32cubeide/plugins/com.st.stm32cube.ide.mcu.externaltools.gnu-tools-for-stm32.10.3-2021.10.win32_1.0.0.202111181127/tools/bin/../lib/gcc/arm-none-eabi/10.3.1/../../../../arm-none-eabi/lib/thumb/v7e-m+fp/hard/crt0.o
LOAD ./Core/Src/main.o
LOAD ./Core/Src/stm32l4xx_hal_msp.o
LOAD ./Core/Src/stm32l4xx_it.o
LOAD ./Core/Src/syscalls.o
LOAD ./Core/Src/sysmem.o
LOAD ./Core/Src/system_stm32l4xx.o
LOAD ./Core/Startup/startup_stm32l432kcux.o
LOAD ./Drivers/STM32L4xx_HAL_Driver/Src/stm32l4xx_hal.o
LOAD ./Drivers/STM32L4xx_HAL_Driver/Src/stm32l4xx_hal_cortex.o
LOAD ./Drivers/STM32L4xx_HAL_Driver/Src/stm32l4xx_hal_dma.o
LOAD ./Drivers/STM32L4xx_HAL_Driver/Src/stm32l4xx_hal_dma_ex.o
LOAD ./Drivers/STM32L4xx_HAL_Driver/Src/stm32l4xx_hal_exti.o
LOAD ./Drivers/STM32L4xx_HAL_Driver/Src/stm32l4xx_hal_flash.o
LOAD ./Drivers/STM32L4xx_HAL_Driver/Src/stm32l4xx_hal_flash_ex.o
LOAD ./Drivers/STM32L4xx_HAL_Driver/Src/stm32l4xx_hal_flash_ramfunc.o
LOAD ./Drivers/STM32L4xx_HAL_Driver/Src/stm32l4xx_hal_gpio.o
LOAD ./Drivers/STM32L4xx_HAL_Driver/Src/stm32l4xx_hal_i2c.o
LOAD ./Drivers/STM32L4xx_HAL_Driver/Src/stm32l4xx_hal_i2c_ex.o
LOAD ./Drivers/STM32L4xx_HAL_Driver/Src/stm32l4xx_hal_pwr.o
LOAD ./Drivers/STM32L4xx_HAL_Driver/Src/stm32l4xx_hal_pwr_ex.o
LOAD ./Drivers/STM32L4xx_HAL_Driver/Src/stm32l4xx_hal_rcc.o
LOAD ./Drivers/STM32L4xx_HAL_Driver/Src/stm32l4xx_hal_rcc_ex.o
START GROUP
LOAD c:/users/usuario/downloads/embebidos/stm32cubeide_1.10.1/stm32cubeide/plugins/com.st.stm32cube.ide.mcu.externaltools.gnu-tools-for-stm32.10.3-2021.10.win32_1.0.0.202111181127/tools/bin/../lib/gcc/arm-none-eabi/10.3.1/../../../../arm-none-eabi/lib/thumb/v7e-m+fp/hard\libc_nano.a
LOAD c:/users/usuario/downloads/embebidos/stm32cubeide_1.10.1/stm32cubeide/plugins/com.st.stm32cube.ide.mcu.externaltools.gnu-tools-for-stm32.10.3-2021.10.win32_1.0.0.202111181127/tools/bin/../lib/gcc/arm-none-eabi/10.3.1/../../../../arm-none-eabi/lib/thumb/v7e-m+fp/hard\libm.a
END GROUP
START GROUP
LOAD c:/users/usuario/downloads/embebidos/stm32cubeide_1.10.1/stm32cubeide/plugins/com.st.stm32cube.ide.mcu.externaltools.gnu-tools-for-stm32.10.3-2021.10.win32_1.0.0.202111181127/tools/bin/../lib/gcc/arm-none-eabi/10.3.1/thumb/v7e-m+fp/hard\libgcc.a
LOAD c:/users/usuario/downloads/embebidos/stm32cubeide_1.10.1/stm32cubeide/plugins/com.st.stm32cube.ide.mcu.externaltools.gnu-tools-for-stm32.10.3-2021.10.win32_1.0.0.202111181127/tools/bin/../lib/gcc/arm-none-eabi/10.3.1/../../../../arm-none-eabi/lib/thumb/v7e-m+fp/hard\libc_nano.a
END GROUP
START GROUP
LOAD c:/users/usuario/downloads/embebidos/stm32cubeide_1.10.1/stm32cubeide/plugins/com.st.stm32cube.ide.mcu.externaltools.gnu-tools-for-stm32.10.3-2021.10.win32_1.0.0.202111181127/tools/bin/../lib/gcc/arm-none-eabi/10.3.1/thumb/v7e-m+fp/hard\libgcc.a
LOAD c:/users/usuario/downloads/embebidos/stm32cubeide_1.10.1/stm32cubeide/plugins/com.st.stm32cube.ide.mcu.externaltools.gnu-tools-for-stm32.10.3-2021.10.win32_1.0.0.202111181127/tools/bin/../lib/gcc/arm-none-eabi/10.3.1/../../../../arm-none-eabi/lib/thumb/v7e-m+fp/hard\libc_nano.a
LOAD c:/users/usuario/downloads/embebidos/stm32cubeide_1.10.1/stm32cubeide/plugins/com.st.stm32cube.ide.mcu.externaltools.gnu-tools-for-stm32.10.3-2021.10.win32_1.0.0.202111181127/tools/bin/../lib/gcc/arm-none-eabi/10.3.1/../../../../arm-none-eabi/lib/thumb/v7e-m+fp/hard\libnosys.a
END GROUP
START GROUP
LOAD c:/users/usuario/downloads/embebidos/stm32cubeide_1.10.1/stm32cubeide/plugins/com.st.stm32cube.ide.mcu.externaltools.gnu-tools-for-stm32.10.3-2021.10.win32_1.0.0.202111181127/tools/bin/../lib/gcc/arm-none-eabi/10.3.1/thumb/v7e-m+fp/hard\libgcc.a
LOAD c:/users/usuario/downloads/embebidos/stm32cubeide_1.10.1/stm32cubeide/plugins/com.st.stm32cube.ide.mcu.externaltools.gnu-tools-for-stm32.10.3-2021.10.win32_1.0.0.202111181127/tools/bin/../lib/gcc/arm-none-eabi/10.3.1/../../../../arm-none-eabi/lib/thumb/v7e-m+fp/hard\libc_nano.a
LOAD c:/users/usuario/downloads/embebidos/stm32cubeide_1.10.1/stm32cubeide/plugins/com.st.stm32cube.ide.mcu.externaltools.gnu-tools-for-stm32.10.3-2021.10.win32_1.0.0.202111181127/tools/bin/../lib/gcc/arm-none-eabi/10.3.1/../../../../arm-none-eabi/lib/thumb/v7e-m+fp/hard\libnosys.a
END GROUP
LOAD c:/users/usuario/downloads/embebidos/stm32cubeide_1.10.1/stm32cubeide/plugins/com.st.stm32cube.ide.mcu.externaltools.gnu-tools-for-stm32.10.3-2021.10.win32_1.0.0.202111181127/tools/bin/../lib/gcc/arm-none-eabi/10.3.1/thumb/v7e-m+fp/hard/crtend.o
LOAD c:/users/usuario/downloads/embebidos/stm32cubeide_1.10.1/stm32cubeide/plugins/com.st.stm32cube.ide.mcu.externaltools.gnu-tools-for-stm32.10.3-2021.10.win32_1.0.0.202111181127/tools/bin/../lib/gcc/arm-none-eabi/10.3.1/thumb/v7e-m+fp/hard/crtn.o
                0x0000000020010000                _estack = (ORIGIN (RAM) + LENGTH (RAM))
                0x0000000000000200                _Min_Heap_Size = 0x200
                0x0000000000000400                _Min_Stack_Size = 0x400

.isr_vector     0x0000000008000000      0x18c
                0x0000000008000000                . = ALIGN (0x4)
 *(.isr_vector)
 .isr_vector    0x0000000008000000      0x18c ./Core/Startup/startup_stm32l432kcux.o
                0x0000000008000000                g_pfnVectors
                0x000000000800018c                . = ALIGN (0x4)

.text           0x0000000008000190     0x1f18
                0x0000000008000190                . = ALIGN (0x4)
 *(.text)
 .text          0x0000000008000190       0x40 c:/users/usuario/downloads/embebidos/stm32cubeide_1.10.1/stm32cubeide/plugins/com.st.stm32cube.ide.mcu.externaltools.gnu-tools-for-stm32.10.3-2021.10.win32_1.0.0.202111181127/tools/bin/../lib/gcc/arm-none-eabi/10.3.1/thumb/v7e-m+fp/hard/crtbegin.o
 .text          0x00000000080001d0      0x378 c:/users/usuario/downloads/embebidos/stm32cubeide_1.10.1/stm32cubeide/plugins/com.st.stm32cube.ide.mcu.externaltools.gnu-tools-for-stm32.10.3-2021.10.win32_1.0.0.202111181127/tools/bin/../lib/gcc/arm-none-eabi/10.3.1/thumb/v7e-m+fp/hard\libgcc.a(_arm_addsubdf3.o)
                0x00000000080001d0                __aeabi_drsub
                0x00000000080001d8                __aeabi_dsub
                0x00000000080001d8                __subdf3
                0x00000000080001dc                __aeabi_dadd
                0x00000000080001dc                __adddf3
                0x0000000008000454                __floatunsidf
                0x0000000008000454                __aeabi_ui2d
                0x0000000008000474                __floatsidf
                0x0000000008000474                __aeabi_i2d
                0x0000000008000498                __aeabi_f2d
                0x0000000008000498                __extendsfdf2
                0x00000000080004dc                __floatundidf
                0x00000000080004dc                __aeabi_ul2d
                0x00000000080004ec                __floatdidf
                0x00000000080004ec                __aeabi_l2d
 .text          0x0000000008000548      0x424 c:/users/usuario/downloads/embebidos/stm32cubeide_1.10.1/stm32cubeide/plugins/com.st.stm32cube.ide.mcu.externaltools.gnu-tools-for-stm32.10.3-2021.10.win32_1.0.0.202111181127/tools/bin/../lib/gcc/arm-none-eabi/10.3.1/thumb/v7e-m+fp/hard\libgcc.a(_arm_muldivdf3.o)
                0x0000000008000548                __aeabi_dmul
                0x0000000008000548                __muldf3
                0x000000000800079c                __divdf3
                0x000000000800079c                __aeabi_ddiv
 .text          0x000000000800096c       0x50 c:/users/usuario/downloads/embebidos/stm32cubeide_1.10.1/stm32cubeide/plugins/com.st.stm32cube.ide.mcu.externaltools.gnu-tools-for-stm32.10.3-2021.10.win32_1.0.0.202111181127/tools/bin/../lib/gcc/arm-none-eabi/10.3.1/thumb/v7e-m+fp/hard\libgcc.a(_arm_fixdfsi.o)
                0x000000000800096c                __aeabi_d2iz
                0x000000000800096c                __fixdfsi
 *(.text*)
 *fill*         0x00000000080009bc        0x4 
 .text.main     0x00000000080009c0      0x150 ./Core/Src/main.o
                0x00000000080009c0                main
 .text.SystemClock_Config
                0x0000000008000b10       0x8c ./Core/Src/main.o
                0x0000000008000b10                SystemClock_Config
 .text.MX_GPIO_Init
                0x0000000008000b9c       0x7c ./Core/Src/main.o
 .text.Error_Handler
                0x0000000008000c18       0x12 ./Core/Src/main.o
                0x0000000008000c18                Error_Handler
 *fill*         0x0000000008000c2a        0x2 
 .text.HAL_MspInit
                0x0000000008000c2c       0x48 ./Core/Src/stm32l4xx_hal_msp.o
                0x0000000008000c2c                HAL_MspInit
 .text.NMI_Handler
                0x0000000008000c74        0x6 ./Core/Src/stm32l4xx_it.o
                0x0000000008000c74                NMI_Handler
 .text.HardFault_Handler
                0x0000000008000c7a        0x6 ./Core/Src/stm32l4xx_it.o
                0x0000000008000c7a                HardFault_Handler
 .text.MemManage_Handler
                0x0000000008000c80        0x6 ./Core/Src/stm32l4xx_it.o
                0x0000000008000c80                MemManage_Handler
 .text.BusFault_Handler
                0x0000000008000c86        0x6 ./Core/Src/stm32l4xx_it.o
                0x0000000008000c86                BusFault_Handler
 .text.UsageFault_Handler
                0x0000000008000c8c        0x6 ./Core/Src/stm32l4xx_it.o
                0x0000000008000c8c                UsageFault_Handler
 .text.SVC_Handler
                0x0000000008000c92        0xe ./Core/Src/stm32l4xx_it.o
                0x0000000008000c92                SVC_Handler
 .text.DebugMon_Handler
                0x0000000008000ca0        0xe ./Core/Src/stm32l4xx_it.o
                0x0000000008000ca0                DebugMon_Handler
 .text.PendSV_Handler
                0x0000000008000cae        0xe ./Core/Src/stm32l4xx_it.o
                0x0000000008000cae                PendSV_Handler
 .text.SysTick_Handler
                0x0000000008000cbc        0xc ./Core/Src/stm32l4xx_it.o
                0x0000000008000cbc                SysTick_Handler
 .text.SystemInit
                0x0000000008000cc8       0x24 ./Core/Src/system_stm32l4xx.o
                0x0000000008000cc8                SystemInit
 .text.Reset_Handler
                0x0000000008000cec       0x50 ./Core/Startup/startup_stm32l432kcux.o
                0x0000000008000cec                Reset_Handler
 .text.Default_Handler
                0x0000000008000d3c        0x2 ./Core/Startup/startup_stm32l432kcux.o
                0x0000000008000d3c                RTC_Alarm_IRQHandler
                0x0000000008000d3c                EXTI2_IRQHandler
                0x0000000008000d3c                TIM1_CC_IRQHandler
                0x0000000008000d3c                TSC_IRQHandler
                0x0000000008000d3c                TAMP_STAMP_IRQHandler
                0x0000000008000d3c                EXTI3_IRQHandler
                0x0000000008000d3c                LPTIM2_IRQHandler
                0x0000000008000d3c                I2C3_ER_IRQHandler
                0x0000000008000d3c                EXTI0_IRQHandler
                0x0000000008000d3c                CAN1_RX0_IRQHandler
                0x0000000008000d3c                FPU_IRQHandler
                0x0000000008000d3c                TIM1_UP_TIM16_IRQHandler
                0x0000000008000d3c                SPI1_IRQHandler
                0x0000000008000d3c                TIM6_DAC_IRQHandler
                0x0000000008000d3c                DMA2_Channel2_IRQHandler
                0x0000000008000d3c                DMA1_Channel4_IRQHandler
                0x0000000008000d3c                ADC1_IRQHandler
                0x0000000008000d3c                DMA1_Channel7_IRQHandler
                0x0000000008000d3c                CAN1_RX1_IRQHandler
                0x0000000008000d3c                DMA2_Channel1_IRQHandler
                0x0000000008000d3c                QUADSPI_IRQHandler
                0x0000000008000d3c                I2C1_EV_IRQHandler
                0x0000000008000d3c                DMA1_Channel6_IRQHandler
                0x0000000008000d3c                DMA2_Channel4_IRQHandler
                0x0000000008000d3c                RCC_IRQHandler
                0x0000000008000d3c                TIM1_TRG_COM_IRQHandler
                0x0000000008000d3c                DMA1_Channel1_IRQHandler
                0x0000000008000d3c                Default_Handler
                0x0000000008000d3c                DMA2_Channel7_IRQHandler
                0x0000000008000d3c                EXTI15_10_IRQHandler
                0x0000000008000d3c                TIM7_IRQHandler
                0x0000000008000d3c                I2C3_EV_IRQHandler
                0x0000000008000d3c                USB_IRQHandler
                0x0000000008000d3c                EXTI9_5_IRQHandler
                0x0000000008000d3c                RTC_WKUP_IRQHandler
                0x0000000008000d3c                PVD_PVM_IRQHandler
                0x0000000008000d3c                CAN1_TX_IRQHandler
                0x0000000008000d3c                DMA2_Channel5_IRQHandler
                0x0000000008000d3c                CRS_IRQHandler
                0x0000000008000d3c                DMA1_Channel5_IRQHandler
                0x0000000008000d3c                EXTI4_IRQHandler
                0x0000000008000d3c                RNG_IRQHandler
                0x0000000008000d3c                DMA1_Channel3_IRQHandler
                0x0000000008000d3c                COMP_IRQHandler
                0x0000000008000d3c                WWDG_IRQHandler
                0x0000000008000d3c                LPUART1_IRQHandler
                0x0000000008000d3c                DMA2_Channel6_IRQHandler
                0x0000000008000d3c                TIM2_IRQHandler
                0x0000000008000d3c                EXTI1_IRQHandler
                0x0000000008000d3c                USART2_IRQHandler
                0x0000000008000d3c                DMA1_Channel2_IRQHandler
                0x0000000008000d3c                CAN1_SCE_IRQHandler
                0x0000000008000d3c                FLASH_IRQHandler
                0x0000000008000d3c                USART1_IRQHandler
                0x0000000008000d3c                SPI3_IRQHandler
                0x0000000008000d3c                I2C1_ER_IRQHandler
                0x0000000008000d3c                SWPMI1_IRQHandler
                0x0000000008000d3c                LPTIM1_IRQHandler
                0x0000000008000d3c                SAI1_IRQHandler
                0x0000000008000d3c                DMA2_Channel3_IRQHandler
                0x0000000008000d3c                TIM1_BRK_TIM15_IRQHandler
 .text.HAL_Init
                0x0000000008000d3e       0x30 ./Drivers/STM32L4xx_HAL_Driver/Src/stm32l4xx_hal.o
                0x0000000008000d3e                HAL_Init
 *fill*         0x0000000008000d6e        0x2 
 .text.HAL_InitTick
                0x0000000008000d70       0x78 ./Drivers/STM32L4xx_HAL_Driver/Src/stm32l4xx_hal.o
                0x0000000008000d70                HAL_InitTick
 .text.HAL_IncTick
                0x0000000008000de8       0x28 ./Drivers/STM32L4xx_HAL_Driver/Src/stm32l4xx_hal.o
                0x0000000008000de8                HAL_IncTick
 .text.HAL_GetTick
                0x0000000008000e10       0x18 ./Drivers/STM32L4xx_HAL_Driver/Src/stm32l4xx_hal.o
                0x0000000008000e10                HAL_GetTick
 .text.HAL_Delay
                0x0000000008000e28       0x48 ./Drivers/STM32L4xx_HAL_Driver/Src/stm32l4xx_hal.o
                0x0000000008000e28                HAL_Delay
 .text.__NVIC_SetPriorityGrouping
                0x0000000008000e70       0x48 ./Drivers/STM32L4xx_HAL_Driver/Src/stm32l4xx_hal_cortex.o
 .text.__NVIC_GetPriorityGrouping
                0x0000000008000eb8       0x1c ./Drivers/STM32L4xx_HAL_Driver/Src/stm32l4xx_hal_cortex.o
 .text.__NVIC_SetPriority
                0x0000000008000ed4       0x54 ./Drivers/STM32L4xx_HAL_Driver/Src/stm32l4xx_hal_cortex.o
 .text.NVIC_EncodePriority
                0x0000000008000f28       0x66 ./Drivers/STM32L4xx_HAL_Driver/Src/stm32l4xx_hal_cortex.o
 *fill*         0x0000000008000f8e        0x2 
 .text.SysTick_Config
                0x0000000008000f90       0x44 ./Drivers/STM32L4xx_HAL_Driver/Src/stm32l4xx_hal_cortex.o
 .text.HAL_NVIC_SetPriorityGrouping
                0x0000000008000fd4       0x16 ./Drivers/STM32L4xx_HAL_Driver/Src/stm32l4xx_hal_cortex.o
                0x0000000008000fd4                HAL_NVIC_SetPriorityGrouping
 .text.HAL_NVIC_SetPriority
                0x0000000008000fea       0x38 ./Drivers/STM32L4xx_HAL_Driver/Src/stm32l4xx_hal_cortex.o
                0x0000000008000fea                HAL_NVIC_SetPriority
 .text.HAL_SYSTICK_Config
                0x0000000008001022       0x18 ./Drivers/STM32L4xx_HAL_Driver/Src/stm32l4xx_hal_cortex.o
                0x0000000008001022                HAL_SYSTICK_Config
 *fill*         0x000000000800103a        0x2 
 .text.HAL_GPIO_Init
                0x000000000800103c      0x2d4 ./Drivers/STM32L4xx_HAL_Driver/Src/stm32l4xx_hal_gpio.o
                0x000000000800103c                HAL_GPIO_Init
 .text.HAL_GPIO_ReadPin
                0x0000000008001310       0x30 ./Drivers/STM32L4xx_HAL_Driver/Src/stm32l4xx_hal_gpio.o
                0x0000000008001310                HAL_GPIO_ReadPin
 .text.HAL_GPIO_WritePin
                0x0000000008001340       0x30 ./Drivers/STM32L4xx_HAL_Driver/Src/stm32l4xx_hal_gpio.o
                0x0000000008001340                HAL_GPIO_WritePin
 .text.HAL_PWREx_GetVoltageRange
                0x0000000008001370       0x1c ./Drivers/STM32L4xx_HAL_Driver/Src/stm32l4xx_hal_pwr_ex.o
                0x0000000008001370                HAL_PWREx_GetVoltageRange
 .text.HAL_PWREx_ControlVoltageScaling
                0x000000000800138c       0xac ./Drivers/STM32L4xx_HAL_Driver/Src/stm32l4xx_hal_pwr_ex.o
                0x000000000800138c                HAL_PWREx_ControlVoltageScaling
 .text.HAL_RCC_OscConfig
                0x0000000008001438      0x828 ./Drivers/STM32L4xx_HAL_Driver/Src/stm32l4xx_hal_rcc.o
                0x0000000008001438                HAL_RCC_OscConfig
 .text.HAL_RCC_ClockConfig
                0x0000000008001c60      0x200 ./Drivers/STM32L4xx_HAL_Driver/Src/stm32l4xx_hal_rcc.o
                0x0000000008001c60                HAL_RCC_ClockConfig
 .text.HAL_RCC_GetSysClockFreq
                0x0000000008001e60      0x118 ./Drivers/STM32L4xx_HAL_Driver/Src/stm32l4xx_hal_rcc.o
                0x0000000008001e60                HAL_RCC_GetSysClockFreq
 .text.RCC_SetFlashLatencyFromMSIRange
                0x0000000008001f78       0xc0 ./Drivers/STM32L4xx_HAL_Driver/Src/stm32l4xx_hal_rcc.o
 .text.__libc_init_array
                0x0000000008002038       0x48 c:/users/usuario/downloads/embebidos/stm32cubeide_1.10.1/stm32cubeide/plugins/com.st.stm32cube.ide.mcu.externaltools.gnu-tools-for-stm32.10.3-2021.10.win32_1.0.0.202111181127/tools/bin/../lib/gcc/arm-none-eabi/10.3.1/../../../../arm-none-eabi/lib/thumb/v7e-m+fp/hard\libc_nano.a(lib_a-init.o)
                0x0000000008002038                __libc_init_array
 .text.memset   0x0000000008002080       0x10 c:/users/usuario/downloads/embebidos/stm32cubeide_1.10.1/stm32cubeide/plugins/com.st.stm32cube.ide.mcu.externaltools.gnu-tools-for-stm32.10.3-2021.10.win32_1.0.0.202111181127/tools/bin/../lib/gcc/arm-none-eabi/10.3.1/../../../../arm-none-eabi/lib/thumb/v7e-m+fp/hard\libc_nano.a(lib_a-memset.o)
                0x0000000008002080                memset
 *(.glue_7)
 .glue_7        0x0000000008002090        0x0 linker stubs
 *(.glue_7t)
 .glue_7t       0x0000000008002090        0x0 linker stubs
 *(.eh_frame)
 .eh_frame      0x0000000008002090        0x0 c:/users/usuario/downloads/embebidos/stm32cubeide_1.10.1/stm32cubeide/plugins/com.st.stm32cube.ide.mcu.externaltools.gnu-tools-for-stm32.10.3-2021.10.win32_1.0.0.202111181127/tools/bin/../lib/gcc/arm-none-eabi/10.3.1/thumb/v7e-m+fp/hard/crtbegin.o
 *(.init)
 .init          0x0000000008002090        0x4 c:/users/usuario/downloads/embebidos/stm32cubeide_1.10.1/stm32cubeide/plugins/com.st.stm32cube.ide.mcu.externaltools.gnu-tools-for-stm32.10.3-2021.10.win32_1.0.0.202111181127/tools/bin/../lib/gcc/arm-none-eabi/10.3.1/thumb/v7e-m+fp/hard/crti.o
                0x0000000008002090                _init
 .init          0x0000000008002094        0x8 c:/users/usuario/downloads/embebidos/stm32cubeide_1.10.1/stm32cubeide/plugins/com.st.stm32cube.ide.mcu.externaltools.gnu-tools-for-stm32.10.3-2021.10.win32_1.0.0.202111181127/tools/bin/../lib/gcc/arm-none-eabi/10.3.1/thumb/v7e-m+fp/hard/crtn.o
 *(.fini)
 .fini          0x000000000800209c        0x4 c:/users/usuario/downloads/embebidos/stm32cubeide_1.10.1/stm32cubeide/plugins/com.st.stm32cube.ide.mcu.externaltools.gnu-tools-for-stm32.10.3-2021.10.win32_1.0.0.202111181127/tools/bin/../lib/gcc/arm-none-eabi/10.3.1/thumb/v7e-m+fp/hard/crti.o
                0x000000000800209c                _fini
 .fini          0x00000000080020a0        0x8 c:/users/usuario/downloads/embebidos/stm32cubeide_1.10.1/stm32cubeide/plugins/com.st.stm32cube.ide.mcu.externaltools.gnu-tools-for-stm32.10.3-2021.10.win32_1.0.0.202111181127/tools/bin/../lib/gcc/arm-none-eabi/10.3.1/thumb/v7e-m+fp/hard/crtn.o
                0x00000000080020a8                . = ALIGN (0x4)
                0x00000000080020a8                _etext = .

.vfp11_veneer   0x00000000080020a8        0x0
 .vfp11_veneer  0x00000000080020a8        0x0 linker stubs

.v4_bx          0x00000000080020a8        0x0
 .v4_bx         0x00000000080020a8        0x0 linker stubs

.iplt           0x00000000080020a8        0x0
 .iplt          0x00000000080020a8        0x0 c:/users/usuario/downloads/embebidos/stm32cubeide_1.10.1/stm32cubeide/plugins/com.st.stm32cube.ide.mcu.externaltools.gnu-tools-for-stm32.10.3-2021.10.win32_1.0.0.202111181127/tools/bin/../lib/gcc/arm-none-eabi/10.3.1/thumb/v7e-m+fp/hard/crtbegin.o

.rodata         0x00000000080020a8       0x40
                0x00000000080020a8                . = ALIGN (0x4)
 *(.rodata)
 *(.rodata*)
 .rodata.AHBPrescTable
                0x00000000080020a8       0x10 ./Core/Src/system_stm32l4xx.o
                0x00000000080020a8                AHBPrescTable
 .rodata.MSIRangeTable
                0x00000000080020b8       0x30 ./Core/Src/system_stm32l4xx.o
                0x00000000080020b8                MSIRangeTable
                0x00000000080020e8                . = ALIGN (0x4)

.rel.dyn        0x00000000080020e8        0x0
 .rel.iplt      0x00000000080020e8        0x0 c:/users/usuario/downloads/embebidos/stm32cubeide_1.10.1/stm32cubeide/plugins/com.st.stm32cube.ide.mcu.externaltools.gnu-tools-for-stm32.10.3-2021.10.win32_1.0.0.202111181127/tools/bin/../lib/gcc/arm-none-eabi/10.3.1/thumb/v7e-m+fp/hard/crtbegin.o

.ARM.extab      0x00000000080020e8        0x0
                0x00000000080020e8                . = ALIGN (0x4)
 *(.ARM.extab* .gnu.linkonce.armextab.*)
                0x00000000080020e8                . = ALIGN (0x4)

.ARM            0x00000000080020e8        0x0
                0x00000000080020e8                . = ALIGN (0x4)
                0x00000000080020e8                __exidx_start = .
 *(.ARM.exidx*)
                0x00000000080020e8                __exidx_end = .
                0x00000000080020e8                . = ALIGN (0x4)

.preinit_array  0x00000000080020e8        0x0
                0x00000000080020e8                . = ALIGN (0x4)
                0x00000000080020e8                PROVIDE (__preinit_array_start = .)
 *(.preinit_array*)
                0x00000000080020e8                PROVIDE (__preinit_array_end = .)
                0x00000000080020e8                . = ALIGN (0x4)

.init_array     0x00000000080020e8        0x4
                0x00000000080020e8                . = ALIGN (0x4)
                0x00000000080020e8                PROVIDE (__init_array_start = .)
 *(SORT_BY_NAME(.init_array.*))
 *(.init_array*)
 .init_array    0x00000000080020e8        0x4 c:/users/usuario/downloads/embebidos/stm32cubeide_1.10.1/stm32cubeide/plugins/com.st.stm32cube.ide.mcu.externaltools.gnu-tools-for-stm32.10.3-2021.10.win32_1.0.0.202111181127/tools/bin/../lib/gcc/arm-none-eabi/10.3.1/thumb/v7e-m+fp/hard/crtbegin.o
                0x00000000080020ec                PROVIDE (__init_array_end = .)
                0x00000000080020ec                . = ALIGN (0x4)

.fini_array     0x00000000080020ec        0x4
                0x00000000080020ec                . = ALIGN (0x4)
                [!provide]                        PROVIDE (__fini_array_start = .)
 *(SORT_BY_NAME(.fini_array.*))
 *(.fini_array*)
 .fini_array    0x00000000080020ec        0x4 c:/users/usuario/downloads/embebidos/stm32cubeide_1.10.1/stm32cubeide/plugins/com.st.stm32cube.ide.mcu.externaltools.gnu-tools-for-stm32.10.3-2021.10.win32_1.0.0.202111181127/tools/bin/../lib/gcc/arm-none-eabi/10.3.1/thumb/v7e-m+fp/hard/crtbegin.o
                [!provide]                        PROVIDE (__fini_array_end = .)
                0x00000000080020f0                . = ALIGN (0x4)
                0x00000000080020f0                _sidata = LOADADDR (.data)

.data           0x0000000020000000        0xc load address 0x00000000080020f0
                0x0000000020000000                . = ALIGN (0x4)
                0x0000000020000000                _sdata = .
 *(.data)
 *(.data*)
 .data.SystemCoreClock
                0x0000000020000000        0x4 ./Core/Src/system_stm32l4xx.o
                0x0000000020000000                SystemCoreClock
 .data.uwTickPrio
                0x0000000020000004        0x4 ./Drivers/STM32L4xx_HAL_Driver/Src/stm32l4xx_hal.o
                0x0000000020000004                uwTickPrio
 .data.uwTickFreq
                0x0000000020000008        0x1 ./Drivers/STM32L4xx_HAL_Driver/Src/stm32l4xx_hal.o
                0x0000000020000008                uwTickFreq
 *(.RamFunc)
 *(.RamFunc*)
                0x000000002000000c                . = ALIGN (0x4)
 *fill*         0x0000000020000009        0x3 
                0x000000002000000c                _edata = .

.igot.plt       0x000000002000000c        0x0 load address 0x00000000080020fc
 .igot.plt      0x000000002000000c        0x0 c:/users/usuario/downloads/embebidos/stm32cubeide_1.10.1/stm32cubeide/plugins/com.st.stm32cube.ide.mcu.externaltools.gnu-tools-for-stm32.10.3-2021.10.win32_1.0.0.202111181127/tools/bin/../lib/gcc/arm-none-eabi/10.3.1/thumb/v7e-m+fp/hard/crtbegin.o
                0x000000002000000c                . = ALIGN (0x4)

.bss            0x000000002000000c       0x20 load address 0x00000000080020fc
                0x000000002000000c                _sbss = .
                0x000000002000000c                __bss_start__ = _sbss
 *(.bss)
 .bss           0x000000002000000c       0x1c c:/users/usuario/downloads/embebidos/stm32cubeide_1.10.1/stm32cubeide/plugins/com.st.stm32cube.ide.mcu.externaltools.gnu-tools-for-stm32.10.3-2021.10.win32_1.0.0.202111181127/tools/bin/../lib/gcc/arm-none-eabi/10.3.1/thumb/v7e-m+fp/hard/crtbegin.o
 *(.bss*)
 .bss.uwTick    0x0000000020000028        0x4 ./Drivers/STM32L4xx_HAL_Driver/Src/stm32l4xx_hal.o
                0x0000000020000028                uwTick
 *(COMMON)
                0x000000002000002c                . = ALIGN (0x4)
                0x000000002000002c                _ebss = .
                0x000000002000002c                __bss_end__ = _ebss

._user_heap_stack
                0x000000002000002c      0x604 load address 0x00000000080020fc
                0x0000000020000030                . = ALIGN (0x8)
 *fill*         0x000000002000002c        0x4 
                [!provide]                        PROVIDE (end = .)
                0x0000000020000030                PROVIDE (_end = .)
                0x0000000020000230                . = (. + _Min_Heap_Size)
 *fill*         0x0000000020000030      0x200 
                0x0000000020000630                . = (. + _Min_Stack_Size)
 *fill*         0x0000000020000230      0x400 
                0x0000000020000630                . = ALIGN (0x8)

/DISCARD/
 libc.a(*)
 libm.a(*)
 libgcc.a(*)

.ARM.attributes
                0x0000000000000000       0x30
 *(.ARM.attributes)
 .ARM.attributes
                0x0000000000000000       0x1e c:/users/usuario/downloads/embebidos/stm32cubeide_1.10.1/stm32cubeide/plugins/com.st.stm32cube.ide.mcu.externaltools.gnu-tools-for-stm32.10.3-2021.10.win32_1.0.0.202111181127/tools/bin/../lib/gcc/arm-none-eabi/10.3.1/thumb/v7e-m+fp/hard/crti.o
 .ARM.attributes
                0x000000000000001e       0x34 c:/users/usuario/downloads/embebidos/stm32cubeide_1.10.1/stm32cubeide/plugins/com.st.stm32cube.ide.mcu.externaltools.gnu-tools-for-stm32.10.3-2021.10.win32_1.0.0.202111181127/tools/bin/../lib/gcc/arm-none-eabi/10.3.1/thumb/v7e-m+fp/hard/crtbegin.o
 .ARM.attributes
                0x0000000000000052       0x34 ./Core/Src/main.o
 .ARM.attributes
                0x0000000000000086       0x34 ./Core/Src/stm32l4xx_hal_msp.o
 .ARM.attributes
                0x00000000000000ba       0x34 ./Core/Src/stm32l4xx_it.o
 .ARM.attributes
                0x00000000000000ee       0x34 ./Core/Src/system_stm32l4xx.o
 .ARM.attributes
                0x0000000000000122       0x21 ./Core/Startup/startup_stm32l432kcux.o
 .ARM.attributes
                0x0000000000000143       0x34 ./Drivers/STM32L4xx_HAL_Driver/Src/stm32l4xx_hal.o
 .ARM.attributes
                0x0000000000000177       0x34 ./Drivers/STM32L4xx_HAL_Driver/Src/stm32l4xx_hal_cortex.o
 .ARM.attributes
                0x00000000000001ab       0x34 ./Drivers/STM32L4xx_HAL_Driver/Src/stm32l4xx_hal_gpio.o
 .ARM.attributes
                0x00000000000001df       0x34 ./Drivers/STM32L4xx_HAL_Driver/Src/stm32l4xx_hal_pwr_ex.o
 .ARM.attributes
                0x0000000000000213       0x34 ./Drivers/STM32L4xx_HAL_Driver/Src/stm32l4xx_hal_rcc.o
 .ARM.attributes
                0x0000000000000247       0x34 c:/users/usuario/downloads/embebidos/stm32cubeide_1.10.1/stm32cubeide/plugins/com.st.stm32cube.ide.mcu.externaltools.gnu-tools-for-stm32.10.3-2021.10.win32_1.0.0.202111181127/tools/bin/../lib/gcc/arm-none-eabi/10.3.1/../../../../arm-none-eabi/lib/thumb/v7e-m+fp/hard\libc_nano.a(lib_a-init.o)
 .ARM.attributes
                0x000000000000027b       0x34 c:/users/usuario/downloads/embebidos/stm32cubeide_1.10.1/stm32cubeide/plugins/com.st.stm32cube.ide.mcu.externaltools.gnu-tools-for-stm32.10.3-2021.10.win32_1.0.0.202111181127/tools/bin/../lib/gcc/arm-none-eabi/10.3.1/../../../../arm-none-eabi/lib/thumb/v7e-m+fp/hard\libc_nano.a(lib_a-memset.o)
 .ARM.attributes
                0x00000000000002af       0x1e c:/users/usuario/downloads/embebidos/stm32cubeide_1.10.1/stm32cubeide/plugins/com.st.stm32cube.ide.mcu.externaltools.gnu-tools-for-stm32.10.3-2021.10.win32_1.0.0.202111181127/tools/bin/../lib/gcc/arm-none-eabi/10.3.1/thumb/v7e-m+fp/hard\libgcc.a(_arm_addsubdf3.o)
 .ARM.attributes
                0x00000000000002cd       0x1e c:/users/usuario/downloads/embebidos/stm32cubeide_1.10.1/stm32cubeide/plugins/com.st.stm32cube.ide.mcu.externaltools.gnu-tools-for-stm32.10.3-2021.10.win32_1.0.0.202111181127/tools/bin/../lib/gcc/arm-none-eabi/10.3.1/thumb/v7e-m+fp/hard\libgcc.a(_arm_muldivdf3.o)
 .ARM.attributes
                0x00000000000002eb       0x1e c:/users/usuario/downloads/embebidos/stm32cubeide_1.10.1/stm32cubeide/plugins/com.st.stm32cube.ide.mcu.externaltools.gnu-tools-for-stm32.10.3-2021.10.win32_1.0.0.202111181127/tools/bin/../lib/gcc/arm-none-eabi/10.3.1/thumb/v7e-m+fp/hard\libgcc.a(_arm_fixdfsi.o)
 .ARM.attributes
                0x0000000000000309       0x1e c:/users/usuario/downloads/embebidos/stm32cubeide_1.10.1/stm32cubeide/plugins/com.st.stm32cube.ide.mcu.externaltools.gnu-tools-for-stm32.10.3-2021.10.win32_1.0.0.202111181127/tools/bin/../lib/gcc/arm-none-eabi/10.3.1/thumb/v7e-m+fp/hard/crtn.o
OUTPUT(LABO 2.elf elf32-littlearm)
LOAD linker stubs
LOAD c:/users/usuario/downloads/embebidos/stm32cubeide_1.10.1/stm32cubeide/plugins/com.st.stm32cube.ide.mcu.externaltools.gnu-tools-for-stm32.10.3-2021.10.win32_1.0.0.202111181127/tools/bin/../lib/gcc/arm-none-eabi/10.3.1/../../../../arm-none-eabi/lib/thumb/v7e-m+fp/hard\libc.a
LOAD c:/users/usuario/downloads/embebidos/stm32cubeide_1.10.1/stm32cubeide/plugins/com.st.stm32cube.ide.mcu.externaltools.gnu-tools-for-stm32.10.3-2021.10.win32_1.0.0.202111181127/tools/bin/../lib/gcc/arm-none-eabi/10.3.1/../../../../arm-none-eabi/lib/thumb/v7e-m+fp/hard\libm.a
LOAD c:/users/usuario/downloads/embebidos/stm32cubeide_1.10.1/stm32cubeide/plugins/com.st.stm32cube.ide.mcu.externaltools.gnu-tools-for-stm32.10.3-2021.10.win32_1.0.0.202111181127/tools/bin/../lib/gcc/arm-none-eabi/10.3.1/thumb/v7e-m+fp/hard\libgcc.a

.debug_info     0x0000000000000000     0x479a
 .debug_info    0x0000000000000000      0x7cc ./Core/Src/main.o
 .debug_info    0x00000000000007cc      0x316 ./Core/Src/stm32l4xx_hal_msp.o
 .debug_info    0x0000000000000ae2      0x122 ./Core/Src/stm32l4xx_it.o
 .debug_info    0x0000000000000c04      0x5d4 ./Core/Src/system_stm32l4xx.o
 .debug_info    0x00000000000011d8       0x22 ./Core/Startup/startup_stm32l432kcux.o
 .debug_info    0x00000000000011fa      0x9da ./Drivers/STM32L4xx_HAL_Driver/Src/stm32l4xx_hal.o
 .debug_info    0x0000000000001bd4      0xda3 ./Drivers/STM32L4xx_HAL_Driver/Src/stm32l4xx_hal_cortex.o
 .debug_info    0x0000000000002977      0x821 ./Drivers/STM32L4xx_HAL_Driver/Src/stm32l4xx_hal_gpio.o
 .debug_info    0x0000000000003198      0x96b ./Drivers/STM32L4xx_HAL_Driver/Src/stm32l4xx_hal_pwr_ex.o
 .debug_info    0x0000000000003b03      0xc97 ./Drivers/STM32L4xx_HAL_Driver/Src/stm32l4xx_hal_rcc.o

.debug_abbrev   0x0000000000000000      0xff8
 .debug_abbrev  0x0000000000000000      0x1fb ./Core/Src/main.o
 .debug_abbrev  0x00000000000001fb       0xc2 ./Core/Src/stm32l4xx_hal_msp.o
 .debug_abbrev  0x00000000000002bd       0x74 ./Core/Src/stm32l4xx_it.o
 .debug_abbrev  0x0000000000000331      0x116 ./Core/Src/system_stm32l4xx.o
 .debug_abbrev  0x0000000000000447       0x12 ./Core/Startup/startup_stm32l432kcux.o
 .debug_abbrev  0x0000000000000459      0x21e ./Drivers/STM32L4xx_HAL_Driver/Src/stm32l4xx_hal.o
 .debug_abbrev  0x0000000000000677      0x316 ./Drivers/STM32L4xx_HAL_Driver/Src/stm32l4xx_hal_cortex.o
 .debug_abbrev  0x000000000000098d      0x1bb ./Drivers/STM32L4xx_HAL_Driver/Src/stm32l4xx_hal_gpio.o
 .debug_abbrev  0x0000000000000b48      0x1f3 ./Drivers/STM32L4xx_HAL_Driver/Src/stm32l4xx_hal_pwr_ex.o
 .debug_abbrev  0x0000000000000d3b      0x2bd ./Drivers/STM32L4xx_HAL_Driver/Src/stm32l4xx_hal_rcc.o

.debug_aranges  0x0000000000000000      0x538
 .debug_aranges
                0x0000000000000000       0x38 ./Core/Src/main.o
 .debug_aranges
                0x0000000000000038       0x20 ./Core/Src/stm32l4xx_hal_msp.o
 .debug_aranges
                0x0000000000000058       0x60 ./Core/Src/stm32l4xx_it.o
 .debug_aranges
                0x00000000000000b8       0x28 ./Core/Src/system_stm32l4xx.o
 .debug_aranges
                0x00000000000000e0       0x28 ./Core/Startup/startup_stm32l432kcux.o
 .debug_aranges
                0x0000000000000108      0x108 ./Drivers/STM32L4xx_HAL_Driver/Src/stm32l4xx_hal.o
 .debug_aranges
                0x0000000000000210      0x118 ./Drivers/STM32L4xx_HAL_Driver/Src/stm32l4xx_hal_cortex.o
 .debug_aranges
                0x0000000000000328       0x58 ./Drivers/STM32L4xx_HAL_Driver/Src/stm32l4xx_hal_gpio.o
 .debug_aranges
                0x0000000000000380      0x128 ./Drivers/STM32L4xx_HAL_Driver/Src/stm32l4xx_hal_pwr_ex.o
 .debug_aranges
                0x00000000000004a8       0x90 ./Drivers/STM32L4xx_HAL_Driver/Src/stm32l4xx_hal_rcc.o

.debug_ranges   0x0000000000000000      0x4a0
 .debug_ranges  0x0000000000000000       0x28 ./Core/Src/main.o
 .debug_ranges  0x0000000000000028       0x10 ./Core/Src/stm32l4xx_hal_msp.o
 .debug_ranges  0x0000000000000038       0x50 ./Core/Src/stm32l4xx_it.o
 .debug_ranges  0x0000000000000088       0x18 ./Core/Src/system_stm32l4xx.o
 .debug_ranges  0x00000000000000a0       0x20 ./Core/Startup/startup_stm32l432kcux.o
 .debug_ranges  0x00000000000000c0       0xf8 ./Drivers/STM32L4xx_HAL_Driver/Src/stm32l4xx_hal.o
 .debug_ranges  0x00000000000001b8      0x108 ./Drivers/STM32L4xx_HAL_Driver/Src/stm32l4xx_hal_cortex.o
 .debug_ranges  0x00000000000002c0       0x48 ./Drivers/STM32L4xx_HAL_Driver/Src/stm32l4xx_hal_gpio.o
 .debug_ranges  0x0000000000000308      0x118 ./Drivers/STM32L4xx_HAL_Driver/Src/stm32l4xx_hal_pwr_ex.o
 .debug_ranges  0x0000000000000420       0x80 ./Drivers/STM32L4xx_HAL_Driver/Src/stm32l4xx_hal_rcc.o

.debug_macro    0x0000000000000000    0x1e4e3
 .debug_macro   0x0000000000000000      0x1bb ./Core/Src/main.o
 .debug_macro   0x00000000000001bb      0xa78 ./Core/Src/main.o
 .debug_macro   0x0000000000000c33      0x1a1 ./Core/Src/main.o
 .debug_macro   0x0000000000000dd4       0x2e ./Core/Src/main.o
 .debug_macro   0x0000000000000e02       0x28 ./Core/Src/main.o
 .debug_macro   0x0000000000000e2a       0x22 ./Core/Src/main.o
 .debug_macro   0x0000000000000e4c       0x8e ./Core/Src/main.o
 .debug_macro   0x0000000000000eda       0x51 ./Core/Src/main.o
 .debug_macro   0x0000000000000f2b      0x103 ./Core/Src/main.o
 .debug_macro   0x000000000000102e       0x6a ./Core/Src/main.o
 .debug_macro   0x0000000000001098      0x1df ./Core/Src/main.o
 .debug_macro   0x0000000000001277       0x1c ./Core/Src/main.o
 .debug_macro   0x0000000000001293       0x22 ./Core/Src/main.o
 .debug_macro   0x00000000000012b5       0xfb ./Core/Src/main.o
 .debug_macro   0x00000000000013b0     0x1011 ./Core/Src/main.o
 .debug_macro   0x00000000000023c1      0x11f ./Core/Src/main.o
 .debug_macro   0x00000000000024e0    0x147a6 ./Core/Src/main.o
 .debug_macro   0x0000000000016c86       0x6d ./Core/Src/main.o
 .debug_macro   0x0000000000016cf3     0x38e6 ./Core/Src/main.o
 .debug_macro   0x000000000001a5d9      0x174 ./Core/Src/main.o
 .debug_macro   0x000000000001a74d       0x5c ./Core/Src/main.o
 .debug_macro   0x000000000001a7a9     0x11ca ./Core/Src/main.o
 .debug_macro   0x000000000001b973      0x53c ./Core/Src/main.o
 .debug_macro   0x000000000001beaf      0x1b9 ./Core/Src/main.o
 .debug_macro   0x000000000001c068      0x122 ./Core/Src/main.o
 .debug_macro   0x000000000001c18a      0x26b ./Core/Src/main.o
 .debug_macro   0x000000000001c3f5      0x23d ./Core/Src/main.o
 .debug_macro   0x000000000001c632      0x241 ./Core/Src/main.o
 .debug_macro   0x000000000001c873      0x375 ./Core/Src/main.o
 .debug_macro   0x000000000001cbe8       0xd6 ./Core/Src/main.o
 .debug_macro   0x000000000001ccbe      0x22c ./Core/Src/main.o
 .debug_macro   0x000000000001ceea       0x61 ./Core/Src/main.o
 .debug_macro   0x000000000001cf4b       0xa5 ./Core/Src/main.o
 .debug_macro   0x000000000001cff0      0x122 ./Core/Src/main.o
 .debug_macro   0x000000000001d112      0x356 ./Core/Src/main.o
 .debug_macro   0x000000000001d468      0x220 ./Core/Src/main.o
 .debug_macro   0x000000000001d688      0x1bb ./Core/Src/stm32l4xx_hal_msp.o
 .debug_macro   0x000000000001d843      0x1c5 ./Core/Src/stm32l4xx_it.o
 .debug_macro   0x000000000001da08      0x1b1 ./Core/Src/system_stm32l4xx.o
 .debug_macro   0x000000000001dbb9      0x1f9 ./Drivers/STM32L4xx_HAL_Driver/Src/stm32l4xx_hal.o
 .debug_macro   0x000000000001ddb2      0x1b1 ./Drivers/STM32L4xx_HAL_Driver/Src/stm32l4xx_hal_cortex.o
 .debug_macro   0x000000000001df63      0x1b8 ./Drivers/STM32L4xx_HAL_Driver/Src/stm32l4xx_hal_gpio.o
 .debug_macro   0x000000000001e11b      0x1d5 ./Drivers/STM32L4xx_HAL_Driver/Src/stm32l4xx_hal_pwr_ex.o
 .debug_macro   0x000000000001e2f0      0x1f3 ./Drivers/STM32L4xx_HAL_Driver/Src/stm32l4xx_hal_rcc.o

.debug_line     0x0000000000000000     0x68ee
 .debug_line    0x0000000000000000      0x999 ./Core/Src/main.o
 .debug_line    0x0000000000000999      0x860 ./Core/Src/stm32l4xx_hal_msp.o
 .debug_line    0x00000000000011f9      0x923 ./Core/Src/stm32l4xx_it.o
 .debug_line    0x0000000000001b1c      0x8f8 ./Core/Src/system_stm32l4xx.o
 .debug_line    0x0000000000002414       0x88 ./Core/Startup/startup_stm32l432kcux.o
 .debug_line    0x000000000000249c      0xbbd ./Drivers/STM32L4xx_HAL_Driver/Src/stm32l4xx_hal.o
 .debug_line    0x0000000000003059      0xdf7 ./Drivers/STM32L4xx_HAL_Driver/Src/stm32l4xx_hal_cortex.o
 .debug_line    0x0000000000003e50      0xc47 ./Drivers/STM32L4xx_HAL_Driver/Src/stm32l4xx_hal_gpio.o
 .debug_line    0x0000000000004a97      0xd4f ./Drivers/STM32L4xx_HAL_Driver/Src/stm32l4xx_hal_pwr_ex.o
 .debug_line    0x00000000000057e6     0x1108 ./Drivers/STM32L4xx_HAL_Driver/Src/stm32l4xx_hal_rcc.o

.debug_str      0x0000000000000000    0xb77ca
 .debug_str     0x0000000000000000    0xb6053 ./Core/Src/main.o
                                      0xb62fe (size before relaxing)
 .debug_str     0x00000000000b6053       0x2c ./Core/Src/stm32l4xx_hal_msp.o
                                      0xb601a (size before relaxing)
 .debug_str     0x00000000000b607f       0xc9 ./Core/Src/stm32l4xx_it.o
                                      0xb5f50 (size before relaxing)
 .debug_str     0x00000000000b6148       0xfc ./Core/Src/system_stm32l4xx.o
                                      0xb60e1 (size before relaxing)
 .debug_str     0x00000000000b6244       0x36 ./Core/Startup/startup_stm32l432kcux.o
                                         0x72 (size before relaxing)
 .debug_str     0x00000000000b627a      0x8ff ./Drivers/STM32L4xx_HAL_Driver/Src/stm32l4xx_hal.o
                                      0xb6a6e (size before relaxing)
 .debug_str     0x00000000000b6b79      0x350 ./Drivers/STM32L4xx_HAL_Driver/Src/stm32l4xx_hal_cortex.o
                                      0xb680f (size before relaxing)
 .debug_str     0x00000000000b6ec9      0x127 ./Drivers/STM32L4xx_HAL_Driver/Src/stm32l4xx_hal_gpio.o
                                      0xb6255 (size before relaxing)
 .debug_str     0x00000000000b6ff0      0x44e ./Drivers/STM32L4xx_HAL_Driver/Src/stm32l4xx_hal_pwr_ex.o
                                      0xb6589 (size before relaxing)
 .debug_str     0x00000000000b743e      0x38c ./Drivers/STM32L4xx_HAL_Driver/Src/stm32l4xx_hal_rcc.o
                                      0xb66e1 (size before relaxing)

.comment        0x0000000000000000       0x50
 .comment       0x0000000000000000       0x50 ./Core/Src/main.o
                                         0x51 (size before relaxing)
 .comment       0x0000000000000050       0x51 ./Core/Src/stm32l4xx_hal_msp.o
 .comment       0x0000000000000050       0x51 ./Core/Src/stm32l4xx_it.o
 .comment       0x0000000000000050       0x51 ./Core/Src/system_stm32l4xx.o
 .comment       0x0000000000000050       0x51 ./Drivers/STM32L4xx_HAL_Driver/Src/stm32l4xx_hal.o
 .comment       0x0000000000000050       0x51 ./Drivers/STM32L4xx_HAL_Driver/Src/stm32l4xx_hal_cortex.o
 .comment       0x0000000000000050       0x51 ./Drivers/STM32L4xx_HAL_Driver/Src/stm32l4xx_hal_gpio.o
 .comment       0x0000000000000050       0x51 ./Drivers/STM32L4xx_HAL_Driver/Src/stm32l4xx_hal_pwr_ex.o
 .comment       0x0000000000000050       0x51 ./Drivers/STM32L4xx_HAL_Driver/Src/stm32l4xx_hal_rcc.o

.debug_frame    0x0000000000000000     0x1418
 .debug_frame   0x0000000000000000       0x98 ./Core/Src/main.o
 .debug_frame   0x0000000000000098       0x38 ./Core/Src/stm32l4xx_hal_msp.o
 .debug_frame   0x00000000000000d0      0x104 ./Core/Src/stm32l4xx_it.o
 .debug_frame   0x00000000000001d4       0x58 ./Core/Src/system_stm32l4xx.o
 .debug_frame   0x000000000000022c      0x3dc ./Drivers/STM32L4xx_HAL_Driver/Src/stm32l4xx_hal.o
 .debug_frame   0x0000000000000608      0x498 ./Drivers/STM32L4xx_HAL_Driver/Src/stm32l4xx_hal_cortex.o
 .debug_frame   0x0000000000000aa0      0x14c ./Drivers/STM32L4xx_HAL_Driver/Src/stm32l4xx_hal_gpio.o
 .debug_frame   0x0000000000000bec      0x4a4 ./Drivers/STM32L4xx_HAL_Driver/Src/stm32l4xx_hal_pwr_ex.o
 .debug_frame   0x0000000000001090      0x21c ./Drivers/STM32L4xx_HAL_Driver/Src/stm32l4xx_hal_rcc.o
 .debug_frame   0x00000000000012ac       0x2c c:/users/usuario/downloads/embebidos/stm32cubeide_1.10.1/stm32cubeide/plugins/com.st.stm32cube.ide.mcu.externaltools.gnu-tools-for-stm32.10.3-2021.10.win32_1.0.0.202111181127/tools/bin/../lib/gcc/arm-none-eabi/10.3.1/../../../../arm-none-eabi/lib/thumb/v7e-m+fp/hard\libc_nano.a(lib_a-init.o)
 .debug_frame   0x00000000000012d8       0x20 c:/users/usuario/downloads/embebidos/stm32cubeide_1.10.1/stm32cubeide/plugins/com.st.stm32cube.ide.mcu.externaltools.gnu-tools-for-stm32.10.3-2021.10.win32_1.0.0.202111181127/tools/bin/../lib/gcc/arm-none-eabi/10.3.1/../../../../arm-none-eabi/lib/thumb/v7e-m+fp/hard\libc_nano.a(lib_a-memset.o)
 .debug_frame   0x00000000000012f8       0xac c:/users/usuario/downloads/embebidos/stm32cubeide_1.10.1/stm32cubeide/plugins/com.st.stm32cube.ide.mcu.externaltools.gnu-tools-for-stm32.10.3-2021.10.win32_1.0.0.202111181127/tools/bin/../lib/gcc/arm-none-eabi/10.3.1/thumb/v7e-m+fp/hard\libgcc.a(_arm_addsubdf3.o)
 .debug_frame   0x00000000000013a4       0x50 c:/users/usuario/downloads/embebidos/stm32cubeide_1.10.1/stm32cubeide/plugins/com.st.stm32cube.ide.mcu.externaltools.gnu-tools-for-stm32.10.3-2021.10.win32_1.0.0.202111181127/tools/bin/../lib/gcc/arm-none-eabi/10.3.1/thumb/v7e-m+fp/hard\libgcc.a(_arm_muldivdf3.o)
 .debug_frame   0x00000000000013f4       0x24 c:/users/usuario/downloads/embebidos/stm32cubeide_1.10.1/stm32cubeide/plugins/com.st.stm32cube.ide.mcu.externaltools.gnu-tools-for-stm32.10.3-2021.10.win32_1.0.0.202111181127/tools/bin/../lib/gcc/arm-none-eabi/10.3.1/thumb/v7e-m+fp/hard\libgcc.a(_arm_fixdfsi.o)
